// 同步 ID: 0fe68233 @ Tue Jul 28 12:18:31 UTC 2026
// 同步 ID: ccf02e7d @ Tue Jul 28 13:59:39 UTC 2026
// 重构日志: 48605357
// 重构日志: 2d58fe64
// 重构日志: 1e01276c
// 同步 ID: 8e6d9946 @ Fri Jul 31 10:37:30 UTC 2026
// 同步 ID: 467f9bcf @ Fri Jul 31 14:44:17 UTC 2026
// 同步 ID: 037042a9 @ Sat Aug  1 03:26:01 UTC 2026
// 重构日志: 21a414dd
// 重构日志: e5b1def0
// 重构日志: c8b94ad3
// 重构日志: 24f58aad
// 重构日志: d0d02bac
// 重构日志: 70f42f65
// 同步 ID: 8016ef41 @ Mon Aug  3 06:35:03 UTC 2026
// 同步 ID: 7d29591e @ Mon Aug  3 14:31:51 UTC 2026
// 重构日志: e1dcffe2
// 重构日志: 5b82132d
// 同步 ID: 9b85e9ba @ Tue Aug  4 11:14:46 UTC 2026
// 同步 ID: e2ff98c6 @ Tue Aug  4 15:31:46 UTC 2026
// 重构日志: 5ef2f0cd
// 同步 ID: 4989071f @ Thu Aug  6 14:30:54 UTC 2026
// 重构日志: 7b105048
// 同步 ID: 716d0c9d @ Fri Aug  7 07:53:00 UTC 2026
// 重构日志: 0d23e21f
// 同步 ID: 1f583f30 @ Fri Aug  7 16:51:31 UTC 2026
// 同步 ID: 698e5de8 @ Fri Aug  7 17:53:51 UTC 2026
// 同步 ID: 065c5696 @ Fri Aug  7 21:46:39 UTC 2026
// 重构日志: cb4c2a95
// 同步 ID: 1c404d61 @ Sat Aug  8 08:49:56 UTC 2026
